To honour the JVM settings for this build a single-use Daemon process will be forked. For more on this, please refer to https://docs.gradle.org/8.14.3/userguide/gradle_daemon.html#sec:disabling_the_daemon in the Gradle documentation.
Daemon will be stopped at the end of the build 
Reusing configuration cache.
> Task :library:jvmProcessResources NO-SOURCE
> Task :library:processJvmMainResources SKIPPED
> Task :library:kmpPartiallyResolvedDependenciesChecker
> Task :library:checkKotlinGradlePluginConfigurationErrors SKIPPED
> Task :library:jvmTestProcessResources UP-TO-DATE
> Task :library:processJvmTestResources SKIPPED
> Task :library:compileKotlinJvm UP-TO-DATE
> Task :library:compileJvmMainJava NO-SOURCE
> Task :library:jvmMainClasses UP-TO-DATE
> Task :library:jvmJar UP-TO-DATE
> Task :library:compileTestKotlinJvm
> Task :library:compileJvmTestJava NO-SOURCE
> Task :library:jvmTestClasses
> Task :library:jvmTest

BUILD SUCCESSFUL in 10s
6 actionable tasks: 3 executed, 3 up-to-date
Configuration cache entry reused.
